// Jest Snapshot v1, https://goo.gl/fbAQLP

exports[`coindetail test 1`] = `null`;
